   Compiling engine v0.1.0 (/data1/baiyifan/workplace/stock_market_game/.worktree/escrow-main-integration/packages/engine)
warning: function `plan_legacy_compatibility_tick` is never used
   --> packages/engine/src/session/pipeline/mod.rs:318:15
    |
318 | pub(super) fn plan_legacy_compatibility_tick(
    |               ^^^^^^^^^^^^^^^^^^^^^^^^^^^^^^
    |
    = note: `#[warn(dead_code)]` (part of `#[warn(unused)]`) on by default

warning: field `live_envelopes` is never read
   --> packages/engine/src/session/pipeline/p4_continuous.rs:183:16
    |
179 | pub(super) struct ContinuousStockStepOutput {
    |                   ------------------------- field in this struct
...
183 |     pub(super) live_envelopes: Vec<ContinuousEnvelopeSnapshot>,
    |                ^^^^^^^^^^^^^^
    |
    = note: `ContinuousStockStepOutput` has a derived impl for the trait `Debug`, but this is intentionally ignored during dead code analysis

warning: field `live_envelopes` is never read
  --> packages/engine/src/session/pipeline/incremental_continuous_stock_shadow.rs:51:38
   |
48 | pub(in crate::session::pipeline) struct ContinuousStockProjection {
   |                                         ------------------------- field in this struct
...
51 |     pub(in crate::session::pipeline) live_envelopes: Vec<ContinuousEnvelopeSnapshot>,
   |                                      ^^^^^^^^^^^^^^
   |
   = note: `ContinuousStockProjection` has derived impls for the traits `Debug` and `Clone`, but these are intentionally ignored during dead code analysis

warning: fields `continuation`, `receipts`, and `p6` are never read
  --> packages/engine/src/session/pipeline/plan_chain_p2_p7_transaction.rs:43:16
   |
42 | pub(super) struct PlanChainP2P7TransactionOutput {
   |                   ------------------------------ fields in this struct
43 |     pub(super) continuation: PlanChainContinuationShadow,
   |                ^^^^^^^^^^^^
...
47 |     pub(super) receipts: Vec<EnvelopeReceipt>,
   |                ^^^^^^^^
48 |     pub(super) p6: super::p6_transaction::P6TransactionOutput,
   |                ^^

warning: field `p6` is never read
  --> packages/engine/src/session/pipeline/player_p2_p7_transaction.rs:35:16
   |
31 | pub(super) struct PlayerP2P7TransactionOutput {
   |                   --------------------------- field in this struct
...
35 |     pub(super) p6: super::p6_transaction::P6TransactionOutput,
   |                ^^

warning: method `into_parts` is never used
  --> packages/engine/src/session/plan_chain_candidates/driver.rs:65:31
   |
47 | impl PlanChainContinuationShadow {
   | -------------------------------- method in this implementation
...
65 |     pub(in crate::session) fn into_parts(self) -> (GameSession, PlanBook) {
   |                               ^^^^^^^^^^

warning: method `has_ready_route` is never used
  --> packages/engine/src/session/plan_chain_candidates/driver.rs:89:37
   |
84 | impl PlanChainYieldDriver {
   | ------------------------- method in this implementation
...
89 |     pub(in crate::session) const fn has_ready_route(&self) -> bool {
   |                                     ^^^^^^^^^^^^^^^

warning: `engine` (lib test) generated 7 warnings
    Finished `test` profile [unoptimized + debuginfo] target(s) in 1m 15s
     Running unittests src/lib.rs (.tmp/task-8-smoke-target/debug/deps/engine-8c0afc975ce091b0)

running 785 tests
test diagnostics::tests::distribution_uses_interpolated_quantiles_and_contains_its_mean ... ok
test diagnostics::tests::lag_one_correlation_matches_a_known_perfect_series ... ok
test diagnostics::decision_trace::tests::retains_the_latest_exactly_128_records ... ok
test diagnostics::tests::stock_summary_rejects_missing_daily_statistics_and_volume_classification_drift ... ok
test diagnostics::tests::known_candles_produce_expected_returns_and_population_stddev ... ok
test diagnostics::tests::stock_summary_rejects_trade_and_daily_turnover_disagreement ... ok
test diagnostics::tests::participant_execution_reconciliation_rejects_missing_side_or_profile_volume ... ok
test diagnostics::tests::zero_float_reports_turnover_rate_as_missing_instead_of_zero ... ok
test company::spec::export_bindings_companyid ... ok
test company::query::export_bindings_publicunavailablereason ... ok
test company::query::export_bindings_publicreportkind ... ok
test company::query::export_bindings_publicreportquery ... ok
test experience::watchlist::export_bindings_watchedstock ... ok
test information::public_view::tests::hash_projection_is_content_sensitive_and_restore_stable ... ok
test experience::feedback::export_bindings_experiencemoment ... ok
test company::query::export_bindings_publiccomparativeamount ... ok
test experience::export_bindings_retailstockexperience ... ok
test experience::price_memory::export_bindings_stockpricememory ... ok
test information::publication::export_bindings_publicationid ... ok
test experience::watchlist::export_bindings_personalwatchlist ... ok
test company::query::export_bindings_publicreportaccountingsummary ... ok
test session::attention::attention_tests::attention_wait_samples_the_exact_geometric_distribution_without_a_short_tail_cap ... ok
test session::attention::attention_tests::market_activity_monotonically_increases_attention_probability ... ok
test session::attention::attention_tests::thinning_uses_market_state_at_the_candidate_tick ... ok
test plans::export_bindings_planpolicy ... ok
test session::candle_open_tests::first_auction_trade_replaces_provisional_previous_close_on_gap_down_days ... ok
test observation::export_bindings_marketminuteclose ... ok
test experience::feedback::export_bindings_exitrecord ... ok
test experience::feedback::export_bindings_failureeventrecord ... ok
test session::continuous_cancellation_tests::continuous_cancellation_wrapper_maps_each_rejection_once ... ok
test session::continuous_cancellation_tests::continuous_cancellation_wrapper_preserves_success_and_rejection_events ... ok
test session::candle_open_tests::first_auction_trade_replaces_provisional_previous_close_on_gap_up_days ... ok
test session::continuous_cancellation_tests::state_only_continuous_cancellation_rejects_missing_order_without_mutation ... ok
test session::decision_chain::chain_restructure_tests::buy_allocation_request_reserves_only_the_next_routable_child ... ok
test session::continuous_cancellation_tests::state_only_continuous_cancellation_rejects_unknown_stock_without_mutation ... ok
test session::continuous_cancellation_tests::state_only_continuous_cancellation_returns_fact_without_consuming_seq ... ok
test session::continuous_cancellation_tests::state_only_continuous_cancellation_rejects_wrong_owner_without_mutation ... ok
test experience::price_memory::export_bindings_personalpricememory ... ok
test experience::feedback::export_bindings_ownobservation ... ok
test session::decision_chain::chain_restructure_tests::decision_chain_generates_a_candidate_without_routing_it ... ok
test session::decision_chain::chain_restructure_tests::full_sell_plan_exits_the_available_odd_lot_in_one_order ... ok
test session::decision_chain::chain_restructure_tests::generation_preserves_pending_plan_facts_when_a_child_fill_is_waiting ... ok
test session::decision_chain::chain_restructure_tests::mid_day_restructure_in_a_non_cancellable_phase_keeps_plan_and_child ... ok
test session::decision_chain::chain_restructure_tests::mid_day_reversal_cancels_the_in_flight_child_before_flipping ... ok
test session::attention::export_bindings_npcattentionstate ... ok
test session::decision_chain::chain_restructure_tests::mid_day_termination_cancels_the_in_flight_child_first ... ok
test session::decision_chain::chain_restructure_tests::decision_observations_include_lunch_without_advancing_market_minutes ... ok
test session::decision_chain::chain_restructure_tests::sub_board_lot_buy_strategy_size_has_no_routable_child ... ok
test session::decision_chain::chain_restructure_tests::mid_day_termination_removes_a_linked_parent_without_an_active_child ... ok
test session::decision_chain::chain_restructure_tests::partial_sell_plan_does_not_split_or_include_the_odd_lot_remainder ... ok
test session::envelope_projection_hydration_tests::hydration_preserves_path_dependent_rounding_debt ... ok
test session::decision_chain::chain_restructure_tests::sub_board_lot_buy_plan_does_not_submit_or_advance_a_parent ... ok
test session::envelope_projection_hydration_tests::hydration_preserves_valid_seller_debt_and_rejects_out_of_bounds_charge ... ok
test session::decision_chain::chain_restructure_tests::restructure_rejection_preserves_old_plan_parent_order_and_reservation ... ok
test session::envelope_projection_hydration_tests::hydration_rejects_nominal_fee_drift_without_mutating_the_ledger ... ok
test session::decision_chain::chain_restructure_tests::unaffordable_parent_target_routes_its_affordable_next_buy_child ... ok
test session::envelope_projection_hydration_tests::hydration_rejects_partial_seller_when_charged_history_is_missing ... ok
test session::decision_chain::chain_restructure_tests::normal_step_routes_npc_then_player_then_plan_chain ... ok
test session::envelope_projection_hydration_tests::nonempty_projection_is_pure_and_later_live_key_mismatch_preserves_hydrated_ledger ... ok
test session::envelope_projection_tests::auction_buy_and_sell_projection_use_arrival_identity_and_zero_cumulative_audit ... ok
test session::envelope_projection_tests::continuous_buy_and_sell_projection_carry_exact_resources_and_audit ... ok
test session::envelope_projection_tests::live_envelope_projection_rejects_duplicate_continuous_and_auction_identity ... ok
test session::envelope_projection_tests::nonempty_hydration_is_idempotent_and_preserves_non_ledger_authority ... ok
test session::envelope_projection_tests::seller_projection_and_v2_reservation_both_exclude_cash_escrow ... ok
test session::decision_chain::chain_restructure_tests::two_capable_accounts_preserve_accepted_account_order ... ok
test experience::feedback::export_bindings_holdingepoch ... ok
test company::query::export_bindings_publicreportsummary ... ok
test session::decision_chain::chain_restructure_tests::observation_clock_maps_session_boundaries_and_compressed_days ... ok
test session::export_bindings_companydisclosurekind ... ok
test session::export_bindings_dailytradestats ... ok
test session::failure_tests::business_hash_detects_pending_facts_counters_and_strategy_state ... ok
test session::failure_tests::changed_business_hash_escalates_and_persists_an_internal_fatal ... ok
test session::failure_tests::changed_diagnostic_session_hash_escalates_instead_of_leaking_through_poison ... ok
test session::failure_tests::diagnostic_metadata_changes_only_session_hash ... ok
test session::failure_tests::hashes_repeat_for_identical_seed_and_successful_steps ... ok
test session::failure_tests::injected_failure_runs_before_missing_npc_strategy_validation ... ok
test session::failure_tests::non_authoritative_strategy_executes_but_cannot_export_or_hash ... ok
test session::export_bindings_runtimeresource ... ok
test session::failure_tests::public_step_rejects_and_poisons_a_missing_npc_strategy ... ok
test session::failure_tests::rollback_witness_detects_business_state_leaking_before_commit ... ok
test session::failure_tests::rollback_witness_detects_session_state_leaking_before_commit ... ok
test session::failure_tests::skeleton_failure_preserves_business_and_poison_context ... ok
test session::failure_tests::typed_private_plan_failure_is_poisoned_after_dual_hash_confirms_rollback ... ok
test session::hash_contract_tests::authoritative_counter_changes_business_hash ... ok
test session::hash_contract_tests::closing_hash_cache_is_invalidated_by_authoritative_recording ... ok
test session::hash_contract_tests::closing_projection_clone_mutations_are_isolated_and_serde_stable ... ok
test session::hash_contract_tests::company_operations_hash_cache_is_invalidated_by_authoritative_mutation ... ok
test company::query::export_bindings_publicreportpage ... ok
test session::hash_contract_tests::diagnostic_cache_changes_session_hash_but_not_business_hash ... ok
test session::hash_contract_tests::company_operations_projection_survives_serde_round_trip_without_serializing_the_cache ... ok
test session::hash_contract_tests::retail_projection_cursor_changes_business_hash ... ok
test session::hash_contract_tests::public_library_mixed_digest_clone_mutations_are_isolated_and_serde_stable ... ok
test session::hash_contract_tests::company_operations_projection_is_stable_across_repeated_hashes_and_shadow_clone ... ok
test session::intraday_volume_curve_tests::auction_has_an_explicit_share_and_curve_finishes_at_one ... ok
test session::intraday_volume_curve_tests::expected_volume_is_front_and_back_loaded_instead_of_linear ... ok
test session::export_bindings_securitycategory ... ok
test session::hash_contract_tests::tick_shadow_commit_preserves_retail_projection_cursor ... ok
test session::hash_contract_tests::typed_failure_poison_changes_session_hash_but_not_business_hash ... ok
test session::npc_generation_parity_tests::npc_tick_parity_pins_institution_parent_child_and_books ... ok
test session::npc_generation_parity_tests::npc_tick_parity_pins_multi_account_cap_order_and_player_fifo ... ok
test session::npc_generation_parity_tests::npc_tick_parity_pins_reviewed_retail_cancellation_events_and_state ... ok
test session::npc_generation_tests::npc_generator_reconciles_a_reviewed_retail_quote_once ... ok
test session::npc_generation_tests::npc_generator_leaves_source_authority_unchanged_when_run_on_shadow_clone ... ok
test session::npc_generation_tests::npc_generator_returns_empty_batch_without_due_npcs_and_preserves_player_queue ... ok
test session::npc_generation_tests::npc_generator_sorts_accounts_and_preserves_local_intent_order ... ok
test session::npc_working_quote_tests::accepted_retail_observation_persists_an_unheld_watchlist_stock ... ok
test session::npc_generation_tests::npc_generator_reschedules_one_due_npc_and_is_deterministic ... ok
test session::npc_working_quote_tests::actual_retail_fill_records_entry_reference_and_not_the_prior_intent ... ok
test session::npc_working_quote_tests::adopted_parent_child_is_removed_from_the_regular_npc_quote_lifecycle ... ok
test session::npc_working_quote_tests::an_unobserved_account_keeps_its_existing_working_target ... ok
test session::npc_working_quote_tests::attention_scheduler_skips_until_due_then_replaces_working_quote ... ok
test session::npc_working_quote_tests::auction_fill_records_retail_experience_after_settlement ... ok
test session::npc_working_quote_tests::auction_order_diagnostics_keep_the_same_id_when_remainder_enters_continuous_book ... ok
test session::npc_working_quote_tests::auction_quote_is_replaced_and_reservation_released_before_cancel_deadline ... ok
test session::npc_working_quote_tests::auction_quote_is_retained_after_cancel_deadline ... ok
test session::npc_working_quote_tests::behavior_observation_remains_bounded_after_six_thousand_completed_days ... ok
test session::npc_working_quote_tests::closing_auction_does_not_apply_npc_quote_lifetime_cancellation ... ok
test session::npc_working_quote_tests::closing_auction_does_not_duplicate_a_parent_child_still_resting_in_continuous_book ... ok
test session::npc_working_quote_tests::continuous_observation_without_signal_cancels_stale_quote ... ok
test session::npc_working_quote_tests::day_boundary_expires_orders_and_releases_reservations ... ok
test session::npc_working_quote_tests::identical_auction_quote_reuses_original_order ... ok
test session::npc_working_quote_tests::initial_attention_candidates_are_individually_distributed ... ok
test session::npc_working_quote_tests::closing_auction_restores_a_parent_child_that_remains_in_continuous_book ... ok
test session::npc_working_quote_tests::lifecycle_prune_removes_a_fully_filled_npc_quote_before_p0_hydration ... ok
test session::npc_working_quote_tests::locked_auction_buy_suppresses_an_opposite_target_after_review ... ok
test session::npc_working_quote_tests::market_view_keeps_tick_samples_separate_from_completed_market_minutes ... ok
test session::npc_working_quote_tests::locked_auction_requote_does_not_consume_another_stocks_budget ... ok
test session::npc_working_quote_tests::nominal_sell_fee_reservation_remains_available_for_baseline_comparison ... ok
test session::npc_working_quote_tests::market_shock_while_queued_changes_acceptance_at_the_candidate_tick ... ok
test session::npc_working_quote_tests::institution_parent_order_advances_only_on_actual_fill_and_survives_restore ... ok
test session::npc_working_quote_tests::near_fully_reserved_identical_quote_does_not_cancel_and_repost ... ok
test session::npc_working_quote_tests::non_retail_strategy_decision_never_enters_retail_diagnostics ... ok
test session::npc_working_quote_tests::npc_continuous_quote_expires_through_the_normal_cancel_lifecycle ... ok
test session::npc_working_quote_tests::parent_buy_does_not_overbuy_when_an_odd_lot_partial_fill_leaves_a_sub_lot_target ... ok
test session::npc_working_quote_tests::one_retail_order_split_across_ticks_preserves_its_fill_identity ... ok
test session::npc_working_quote_tests::partially_filled_npc_quote_keeps_its_lifecycle_until_remaining_quantity_is_canceled ... ok
test session::npc_working_quote_tests::npc_quote_lifetime_survives_restore_and_rejects_forged_owner ... ok
test session::npc_working_quote_tests::pending_plan_event_capacity_preserves_a_working_child_before_requote ... ok
test session::npc_working_quote_tests::pending_plan_event_capacity_rejects_acceptance_without_mutating_the_parent ... ok
test session::npc_working_quote_tests::pending_plan_event_capacity_rejects_actual_fill_without_advancing_the_parent ... ok
test session::npc_working_quote_tests::pending_plan_event_capacity_rejects_day_end_without_clearing_the_parent ... ok
test session::npc_working_quote_tests::player_can_keep_multiple_same_side_auction_orders ... ok
test session::npc_working_quote_tests::pending_plan_event_capacity_reserves_acceptance_and_immediate_fill_together ... ok
test session::export_bindings_stockexchange ... ok
test session::npc_working_quote_tests::player_continuous_quote_never_receives_an_npc_lifecycle ... ok
test session::npc_working_quote_tests::planned_v2_sell_without_cash_escrow_leaves_cash_for_a_later_buy ... ok
test session::npc_working_quote_tests::realized_profit_can_make_cost_return_unavailable_without_breaking_observation ... ok
test session::npc_working_quote_tests::retail_auction_order_is_traced_as_aborted_when_atomic_settlement_fails ... ok
test session::npc_working_quote_tests::retail_cancels_its_crossed_opposite_quote_before_routing_a_new_quote ... ok
test session::npc_working_quote_tests::retail_noncancelable_auction_cancel_is_traced_from_the_real_tick_route ... ok
test session::npc_working_quote_tests::retail_order_diagnostics_reconcile_partial_fill_and_cancellation ... ok
test session::npc_working_quote_tests::retail_prevalidation_rejection_is_traced_from_the_real_tick_route ... ok
test session::npc_working_quote_tests::reviewed_hold_cancels_both_sides_of_the_selected_stocks_old_working_target ... ok
test session::npc_working_quote_tests::reviewed_reduce_cancels_a_non_crossing_old_buy_before_posting_the_sell ... ok
test session::npc_working_quote_tests::retail_stock_side_scope_preserves_unrelated_working_orders ... ok
test session::npc_working_quote_tests::self_view_cash_excludes_non_cancelable_auction_reservations ... ok
test session::npc_working_quote_tests::retained_quote_and_new_stock_share_one_actual_cash_budget ... ok
test session::npc_working_quote_tests::self_view_cash_reuses_reservations_that_will_be_atomically_reconciled ... ok
test session::npc_working_quote_tests::unfilled_retail_intent_does_not_write_experience ... ok
test session::persistence::v2_tests::capture_rejects_poisoned_session_without_emitting_a_dto ... ok
test session::persistence::v2_tests::charged_fee_component_above_nominal_is_rejected_as_corrupt_save ... ok
test session::persistence::v2_tests::charged_fee_total_above_gross_is_rejected_when_components_are_within_nominal ... ok
test session::persistence::v2_tests::cumulative_charged_components_do_not_reconstruct_per_fill_priority ... ok
test session::persistence::v2_tests::complete_restore_accepts_zero_cash_seller_with_v2_live_envelope ... ok
test session::persistence::v2_tests::decode_rejects_strategy_integers_outside_javascript_safe_range ... ok
test session::persistence::v2_tests::decode_rejects_noncanonical_strategy_float_bit_strings ... ok
test session::persistence::v2_tests::duplicate_live_envelope_key_is_rejected_as_noncanonical ... ok
test session::persistence::v2_tests::decode_rejects_unknown_nested_strategy_state_fields ... ok
test session::persistence::v2_tests::fresh_session_strategy_and_attention_share_exact_canonical_probability ... ok
test session::persistence::v2_tests::complete_restore_rejects_tampered_snapshot_reservations ... ok
test session::persistence::v2_tests::legacy_quiet_point_rebase_caps_low_value_seller_charge_at_cumulative_gross ... ok
test session::persistence::v2_tests::healthy_initial_quiet_point_roundtrips_complete_strategy_state ... ok
test session::persistence::v2_tests::new_session_rejects_legacy_and_unknown_simulation_policies ... ok
test session::persistence::v2_tests::negative_charged_fee_component_is_rejected_as_corrupt_save ... ok
test session::persistence::v2_tests::live_envelope_and_receipt_prefix_roundtrip_losslessly ... ok
test session::persistence::v2_tests::legacy_quiet_point_rebase_keeps_full_nominal_charge_for_low_value_buy ... ok
test session::persistence::v2_tests::live_envelope_tampering_is_rejected_without_partial_restore ... ok
test session::persistence::v2_tests::poisoned_marker_and_unknown_runtime_fields_fail_closed ... ok
test session::persistence::v2_tests::receipt_history_rejects_unknown_or_future_envelope_identity ... ok
test session::persistence::v2_tests::receipt_gap_is_rejected_as_corrupt_save ... ok
test session::persistence::v2_tests::per_fill_priority_history_survives_restore_and_next_tick ... ok
test session::persistence::v2_tests::schema_header_accepts_only_explicit_v2 ... ok
test session::persistence::v2_tests::same_tick_new_seller_route_creates_and_advances_cumulative_fee_audit ... ok
test session::persistence::v2_tests::same_tick_routes_advance_one_seller_fee_debt_without_reusing_tick_start_audit ... ok
test session::persistence::v2_tests::real_step_settles_and_persists_gross_capped_seller_without_cash_reservation ... ok
test session::pipeline::adaptive_plan_chain::tests::adaptive_completion_resource_events_share_session_ordinal_and_are_taken_once ... ok
test session::persistence::v2_tests::strategy_state_identity_tampering_is_rejected ... ok
test session::pipeline::adaptive_plan_chain::tests::adaptive_cancel_release_never_refills_p3_cash_for_the_followup_place ... ok
test session::persistence::v2_tests::restore_rejects_strategy_attention_probability_drift ... ok
test session::pipeline::adaptive_plan_chain::tests::adaptive_immediate_full_fill_advances_plan_once_without_order_accepted_event ... ok
test session::pipeline::adaptive_plan_chain::tests::adaptive_immediate_partial_fill_advances_parent_and_plan_once ... ok
test session::persistence::v2_tests::seller_cumulative_nominal_and_charged_audit_survives_restore ... ok
test session::pipeline::adaptive_plan_chain::tests::adaptive_initial_player_partial_market_fill_is_projected_without_a_false_full_fill_requirement ... ok
test session::pipeline::adaptive_plan_chain::tests::adaptive_late_chain_generation_overflow_discards_only_private_progress ... ok
test session::pipeline::adaptive_plan_chain::tests::adaptive_real_p3_p4_two_cancels_then_new_order_complete_in_one_tick ... ok
test session::pipeline::adaptive_plan_chain::tests::every_typed_plan_cancel_cause_keeps_its_causal_classification ... ok
test session::pipeline::adaptive_plan_chain::tests::adaptive_real_replace_cancels_old_child_then_installs_new_child ... ok
test session::pipeline::adaptive_plan_chain::tests::adaptive_rejected_first_or_second_cancel_never_emits_dependent_place ... ok
test session::export_bindings_npcorderlifecycle ... ok
test session::pipeline::adaptive_plan_chain::tests::adaptive_wrong_candidate_or_sealed_identity_stops_the_coordinator ... ok
test session::pipeline::adaptive_plan_chain::tests::npc_lifecycle_projection_tests::npc_new_quote_filled_later_in_the_same_round_has_no_stale_lifecycle ... ok
test session::pipeline::adaptive_plan_chain::tests::npc_lifecycle_projection_tests::npc_parent_child_uses_parent_horizon_instead_of_quote_lifecycle ... ok
test session::pipeline::adaptive_plan_chain::tests::npc_lifecycle_projection_tests::npc_quote_expiry_uses_acceptance_quote_when_a_later_round_operation_moves_the_spread ... ok
test session::pipeline::adaptive_plan_chain::tests::npc_lifecycle_projection_tests::npc_b1_passive_full_fill_removes_existing_quote_lifecycle_before_save ... ok
test session::pipeline::adaptive_plan_chain::tests::npc_lifecycle_projection_tests::npc_resting_fact_without_its_acceptance_quote_is_a_typed_failure ... ok
test session::pipeline::adaptive_plan_chain::tests::npc_lifecycle_projection_tests::npc_partial_resting_fill_registers_once_and_immediate_full_fill_does_not_register ... ok
test session::pipeline::adaptive_plan_chain::tests::npc_lifecycle_projection_tests::npc_b1_resting_quote_registers_original_expiry_and_restores_without_resampling ... ok
test session::pipeline::b1_continuous_trade_acceptance_tests::b1_crossing_trade_has_a_complete_causal_chain ... ok
test session::pipeline::authoritative_tick_tests::public_step_routes_pre_open_rejection_and_continuous_place_cancel_lifecycle ... ok
test session::pipeline::b1_continuous_trade_acceptance_tests::b1_market_remainder_is_not_reported_as_an_auction_abort ... ok
test session::pipeline::b1_continuous_trade_acceptance_tests::b1_projects_retail_submission_and_bilateral_fills_from_typed_facts ... ok
test session::pipeline::adaptive_plan_chain::tests::adaptive_real_multi_account_lifecycle_quote_and_execution_roots_share_one_stream ... ok
test experience::feedback::export_bindings_experiencefeedback ... ok
test session::execution::export_bindings_parentorderplan ... ok
test plans::revision::export_bindings_planrevision ... ok
test plans::state::export_bindings_planopen ... ok
test session::pipeline::b1_continuous_trade_acceptance_tests::crossing_buy_commits_exact_trade_when_t1_locks_the_new_position ... ok
test session::pipeline::b1_continuous_trade_acceptance_tests::crossing_buy_commits_exact_trade_when_the_disabled_t1_test_seam_keeps_it_sellable ... ok
test session::pipeline::authoritative_tick_tests::public_step_dispatches_each_market_phase_through_one_complete_p0_p9_trace ... ok
test session::pipeline::b1_continuous_trade_acceptance_tests::two_player_inputs_keep_fifo_identity_through_fills_events_and_p9_rebase ... ok
test session::pipeline::b1_continuous_transaction_tests::b1_retail_cancel_is_projected_once_and_preserves_p0_diagnostic_order ... ok
test session::pipeline::authoritative_tick_tests::public_step_discards_each_phase_candidate_when_p9_preparation_fails ... ok
test session::pipeline::b1_continuous_transaction_tests::b1_consumed_parent_submission_is_not_applied_again_at_final_projection ... ok
test session::pipeline::b1_continuous_transaction_tests::b1_p4_rejection_preserves_its_allocated_causal_lifecycle ... ok
test session::pipeline::b1_continuous_transaction_tests::b1_retail_diagnostics_cover_p3_and_p4_rejections_in_sealed_order ... ok
test session::pipeline::b1_continuous_transaction_tests::b1_successful_cancel_records_termination_and_post_quote ... ok
test session::pipeline::authoritative_tick_tests::public_step_commits_phase_boundaries_once_and_leaves_a_saveable_quiet_point ... ok
test session::pipeline::b1_continuous_transaction_tests::b1_successful_retail_cancel_is_projected_from_the_p4_fact ... ok
test session::pipeline::b1_continuous_transaction_tests::joint_b1_player_batch_reaches_rebased_p9_without_legacy_bridge ... ok
test session::pipeline::b1_continuous_transaction_tests::joint_b1_downstream_failure_discards_all_three_source_preparation ... ok
test session::pipeline::b1_continuous_transaction_tests::one_parallel_two_stock_round_keeps_each_causal_quote_boundary ... ok
test session::pipeline::b1_continuous_transaction_tests::npc_cancel_feedback_releases_open_order_slots_without_replenishing_resource_budgets ... ok
test session::pipeline::b1_continuous_transaction_tests::prepared_joint_b1_entry_has_no_fallible_tail_after_p8 ... ok
test session::pipeline::b1_tick_finalizer_tests::b1_day_end_causal_facts_keep_the_completed_continuous_phase ... ok
test session::pipeline::b1_tick_finalizer_tests::b1_day_end_release_terminates_the_causal_lifecycle ... ok
test session::pipeline::b1_tick_finalizer_tests::b1_fatal_conversion_preserves_nested_p5_and_p6_identity ... ok
test session::pipeline::b1_tick_finalizer_tests::b1_dropping_prepared_tick_keeps_the_previous_save_quiescent ... ok
test session::pipeline::b1_continuous_transaction_tests::b1_feedback_rejects_foreign_swapped_and_duplicate_p4_fact_identities_atomically ... ok
test session::pipeline::b1_tick_finalizer_tests::b1_late_sequence_failure_discards_prices_candles_settlement_and_outbox ... ok
test session::pipeline::b1_tick_finalizer_tests::b1_final_tick_settles_before_t1_unlock_and_commits_the_trade_candle_once ... ok
test session::pipeline::b1_tick_finalizer_tests::b1_candle_counter_overflow_returns_fatal_without_committing_the_tick ... ok
test session::pipeline::b2_auction_transaction_tests::auction_cancel_rejection_stops_replace_before_illegal_successor ... ok
test session::pipeline::b1_tick_finalizer_tests::b1_last_continuous_tick_keeps_its_price_point_before_closing_auction ... ok
test session::pipeline::b1_tick_finalizer_tests::b1_day_end_quotes_each_cleared_stock_and_skips_untouched_stocks ... ok
test session::pipeline::b1_tick_finalizer_tests::b1_no_closing_auction_finishes_day_and_releases_new_orders_once ... ok
test session::pipeline::b1_tick_finalizer_tests::b1_multi_round_trades_record_first_real_open_and_final_depth_once ... ok
test plans::export_bindings_planevent ... ok
test experience::export_bindings_retailexperiencestate ... ok
test session::pipeline::b2_auction_transaction_tests::incremental_auction_replace_cancels_old_then_places_new_and_finalizes_once ... ok
test session::pipeline::b2_auction_transaction_tests::later_auction_round_typed_failure_discards_private_tick_progress ... ok
test session::pipeline::b2_auction_transaction_tests::parent_transaction_applies_opening_completion_partial_fill_once ... ok
test session::pipeline::b2_auction_transaction_tests::parent_transaction_applies_opening_completion_full_fill_once ... ok
test session::pipeline::b2_auction_transaction_tests::parent_transaction_seam_rolls_back_every_authoritative_family_on_later_round_failure ... ok
test session::pipeline::b1_tick_finalizer_tests::b1_tick_and_day_overflow_are_typed_and_atomic ... ok
test session::pipeline::b2_auction_transaction_tests::prepared_parent_auction_seam_commits_one_complete_tick ... ok
test session::pipeline::b2_auction_transaction_tests::production_b2_market_rejection_consumes_id_and_does_not_refund_p3_budget ... ok
test session::pipeline::b2_auction_transaction_tests::production_b2_market_rejection_consumes_the_shared_p3_budget_before_a_later_limit ... ok
test session::pipeline::b2_auction_transaction_tests::production_b2_market_validation_rejects_quantity_and_shares_before_allocating_id ... ok
test session::pipeline::commit_evidence_tests::prepared_b1_commit_exposes_the_applied_p0_receipt_without_reconstructing_it ... ok
test session::pipeline::commit_evidence_tests::prepared_b1_commit_preserves_actual_receipt_chains_before_p9_rebase ... ok
test session::pipeline::commit_evidence_tests::prepared_commit_rejects_missing_receipt_values_without_touching_authority ... ok
test session::pipeline::commit_evidence_tests::prepared_commit_rejects_tampered_receipt_values_without_touching_authority ... ok
test session::pipeline::commit_evidence_tests::prepared_b1_commit_keeps_p0_and_sealed_receipts_in_one_global_chain ... ok
test session::pipeline::commit_evidence_tests::prepared_b2_commit_reports_per_stock_finalizer_executions_from_the_real_tail ... ok
test session::pipeline::decision_snapshot_capture_tests::capture_failure_is_typed_and_leaves_all_shadow_decision_state_atomic ... ok
test session::pipeline::decision_snapshot_capture_tests::capture_matches_legacy_attention_experience_and_owned_views_on_shadow_only ... ok
test session::pipeline::decision_snapshot_tests::decision_snapshot_owns_immutable_inputs_in_canonical_account_order ... ok
test session::pipeline::decision_snapshot_tests::decision_snapshot_rejects_clock_drift_between_header_and_market_view ... ok
test session::pipeline::decision_snapshot_tests::decision_snapshot_rejects_incomplete_retail_observation_bundle ... ok
test session::pipeline::decision_snapshot_tests::decision_snapshot_rejects_noncanonical_or_missing_due_accounts ... ok
test session::pipeline::decision_snapshot_tests::decision_snapshot_rejects_player_duplicate_and_market_minute_drift ... ok
test session::pipeline::envelope_tests::conservation_created_envelope_rejects_a_p0_contribution ... ok
test session::pipeline::envelope_tests::conservation_cross_resource_leak_is_fatal_per_key ... ok
test session::pipeline::envelope_tests::conservation_existing_envelope_when_fill_and_release_match_live ... ok
test session::pipeline::envelope_tests::conservation_negative_envelope_basis_is_fatal ... ok
test session::pipeline::envelope_tests::conservation_negative_release_is_fatal ... ok
test session::pipeline::envelope_tests::conservation_negative_release_is_fatal_in_a_row ... ok
test session::pipeline::envelope_tests::conservation_row_existing_envelope_proves_preseal_and_sealed_equations ... ok
test session::pipeline::envelope_tests::conservation_row_rejects_a_per_key_mismatch ... ok
test session::pipeline::envelope_tests::p3_created_envelope_exposes_created_origin_and_basis ... ok
test session::pipeline::decision_snapshot_capture_tests::capture_preserves_no_due_fast_path_without_fabricating_retail_observations ... ok
test session::pipeline::decision_snapshot_capture_tests::capture_rejects_a_due_npc_without_a_strategy_before_committing_attention ... ok
test session::pipeline::decision_snapshot_capture_tests::capture_reports_missing_due_attention_without_panic_or_partial_pop ... ok
test session::pipeline::b1_tick_finalizer_tests::b1_partial_fill_then_day_end_keeps_cross_source_receipts_and_cancellation_quantity ... ok
test session::pipeline::decision_snapshot_capture_tests::capture_reports_risk_view_failure_without_committing_attention_or_experience ... ok
test session::pipeline::b1_tick_finalizer_tests::b1_empty_tick_records_each_stock_once_and_restores_at_the_commit_boundary ... ok
test session::pipeline::b1_tick_finalizer_tests::b1_prepared_day_end_reports_pending_plan_capacity_without_aborting ... ok
test session::pipeline::initial_candidate_round_tests::account_shards_preserve_cross_stock_budget_competition_and_continuation_ids ... ok
test session::pipeline::initial_candidate_round_tests::auction_batch_feedback_failure_discards_earlier_feedback ... ok
test session::pipeline::initial_candidate_round_tests::auction_initial_round_batches_accounts_and_stocks_without_clearing_early ... ok
test session::pipeline::initial_candidate_round_tests::batch_feedback_failure_on_a_later_operation_discards_earlier_feedback ... ok
test session::pipeline::b2_auction_transaction_tests::b2_prepared_closing_day_end_reports_pending_plan_capacity_without_aborting ... ok
test session::pipeline::initial_candidate_round_tests::batched_resting_acceptances_keep_each_operations_market_quote_and_order ... ok
test session::pipeline::initial_candidate_round_tests::continuous_initial_round_batches_independent_accounts_and_stocks ... ok
test session::pipeline::initial_candidate_round_tests::global_slot_competition_uses_canonical_order_and_skips_prior_p3_rejections ... ok
test session::pipeline::initial_candidate_round_tests::initial_batch_full_fill_completes_linked_parent_before_later_manual_acceptance ... ok
test session::pipeline::b2_auction_transaction_tests::b2_pending_plan_budget_accepts_one_filling_parent_and_limits_the_next_before_p4 ... ok
test session::pipeline::ledger_conservation_tests::conservation_aggregate_rejects_cross_key_resource_leaks_without_mutation ... ok
test session::pipeline::ledger_conservation_tests::conservation_aggregate_sums_the_same_cash_and_share_equations_per_key ... ok
test session::pipeline::ledger_conservation_tests::conservation_apply_rechecks_the_aggregate_before_installing_receipts ... ok
test session::pipeline::ledger_receipt_tests::a_terminal_fill_cannot_leave_live_resources ... ok
test session::pipeline::ledger_receipt_tests::auction_rollover_chain_must_continue_into_day_end ... ok
test session::pipeline::ledger_receipt_tests::buyer_fill_delivers_shares_and_spends_exactly_gross_plus_charged ... ok
test session::pipeline::ledger_receipt_tests::conservation_duplicate_receipt_is_fatal_without_mutation ... ok
test session::pipeline::ledger_receipt_tests::conservation_receipt_indices_are_global ... ok
test session::pipeline::ledger_receipt_tests::non_fill_receipts_cannot_spend_or_accrue_fees ... ok
test session::pipeline::ledger_receipt_tests::receipt_before_fields_must_match_the_envelope_audit_before_mutation ... ok
test session::pipeline::ledger_receipt_tests::rejected_apply_does_not_reorder_or_index_the_caller_receipts ... ok
test session::pipeline::ledger_receipt_tests::release_and_reject_may_release_but_never_spend_live_resources ... ok
test session::pipeline::ledger_receipt_tests::seller_cash_or_spent_resources_are_rejected_transactionally ... ok
test session::pipeline::ledger_receipt_tests::seller_fill_charges_unpaid_components_in_fixed_priority_order ... ok
test session::pipeline::ledger_receipt_tests::seller_fill_delivery_cash_must_equal_gross_less_charged ... ok
test session::pipeline::ledger_receipt_tests::seller_fill_rejects_charged_history_above_cumulative_gross ... ok
test session::pipeline::ledger_receipt_tests::seller_fill_requires_the_full_capped_charge_delta ... ok
test session::pipeline::ledger_receipt_tests::seller_fill_spends_exact_fill_shares_and_delivers_only_cash ... ok
test session::pipeline::ledger_receipt_tests::seller_rollover_keeps_every_unfilled_share_live ... ok
test session::pipeline::ledger_receipt_tests::successful_fill_updates_the_envelope_and_ledger_audit_together ... ok
test session::pipeline::ledger_state_tests::charged_component_discontinuity_is_rejected_transactionally ... ok
test session::pipeline::ledger_state_tests::complete_evidence_validation_accepts_cross_tick_cumulative_fees_without_mutation ... ok
test session::pipeline::ledger_state_tests::complete_evidence_validation_rejects_every_structural_gap_without_mutation ... ok
test session::pipeline::ledger_state_tests::conservation_p0_double_release_is_fatal_without_mutation ... ok
test session::pipeline::ledger_state_tests::hydration_installs_empty_or_validates_exact_without_cursor_change ... ok
test session::pipeline::ledger_state_tests::hydration_rejects_every_mismatch_without_mutation ... ok
test session::pipeline::ledger_state_tests::insert_created_adds_complete_rows_without_changing_cursor_or_seen_keys ... ok
test session::pipeline::ledger_state_tests::insert_created_rejects_batch_duplicates_atomically ... ok
test session::pipeline::ledger_state_tests::insert_created_rejects_every_existing_key_domain_atomically ... ok
test session::pipeline::ledger_state_tests::insert_created_rejects_invalid_envelopes_atomically ... ok
test session::pipeline::ledger_state_tests::next_tick_rebase_clears_only_tick_local_ledger_state ... ok
test session::pipeline::ledger_state_tests::next_tick_rebase_failure_is_atomic ... ok
test session::pipeline::ledger_state_tests::next_tick_rebase_preserves_cumulative_fee_audit_and_receipt_cursor ... ok
test session::pipeline::ledger_state_tests::preseal_expiry_release_consumes_buy_live_cash_without_spending ... ok
test session::pipeline::ledger_state_tests::receipt_kind_and_source_boundary_is_checked_transactionally ... ok
test session::pipeline::ledger_state_tests::terminal_row_is_retained_until_an_explicit_tick_reset ... ok
test session::pipeline::b1_continuous_transaction_tests::linked_parent_reserves_acceptance_and_possible_fill_before_p4 ... ok
test session::pipeline::initial_candidate_round_tests::initial_order_id_overflow_does_not_leave_partial_p3_or_p4_work ... ok
test session::pipeline::npc_p2_p7_transaction_tests::downstream_failure_discards_npc_strategy_rng_queue_cursor_ledger_seen_and_seq_changes ... ok
test session::pipeline::npc_p2_p7_transaction_tests::captured_snapshot_entry_is_equivalent_to_the_capture_and_prepare_entry ... ok
test session::pipeline::initial_candidate_round_tests::parallel_account_errors_report_first_canonical_candidate_without_mutation ... ok
test session::pipeline::npc_p2_p7_transaction_tests::externally_captured_snapshot_is_consumed_without_a_second_attention_capture ... ok
test session::pipeline::executor_perturbation_tests::executor_perturbation_actual_multi_stock_multi_leg_receipt_indices_are_stable ... ok
test session::pipeline::npc_p2_p7_transaction_tests::npc_reconciliation_local_indexes_restart_per_account_in_canonical_account_order ... ok
test session::pipeline::npc_p2_p7_transaction_tests::mismatched_p1_snapshot_is_rejected_before_npc_state_can_leak ... ok
test session::pipeline::npc_p2_p7_transaction_tests::p3_rejection_is_merged_once_by_the_final_event_collector ... ok
test session::pipeline::npc_p2_p7_transaction_tests::npc_replacement_does_not_reuse_the_canceled_quotes_sealed_cash ... ok
test session::pipeline::npc_p2_p7_transaction_tests::prepared_npc_source_is_discardable_when_the_unified_downstream_fails ... ok
test session::pipeline::npc_p2_projection_tests::exact_keep_consumes_the_first_duplicate_raw_key_before_survivorship_mapping ... ok
test session::pipeline::initial_candidate_round_tests::p4_rejection_releases_account_slot_for_next_initial_round_without_cash_refund ... ok
test session::pipeline::npc_p2_p7_transaction_tests::real_npc_source_runs_through_p7_without_consuming_the_player_class ... ok
test session::pipeline::npc_p2_p7_transaction_tests::real_npc_review_cancels_working_quote_in_b1_and_cleans_lifecycle ... ok
test session::pipeline::npc_p2_p7_transaction_tests::real_npc_working_quotes_cancel_before_one_replacement_with_contiguous_keys ... ok
test session::pipeline::npc_p2_projection_tests::production_source_does_not_fabricate_the_currently_unreachable_parent_capability ... ok
test session::pipeline::npc_p2_projection_tests::projection_cash_cap_reports_resize_without_rekeying_or_routing ... ok
test session::pipeline::npc_p2_projection_tests::rewritten_parent_child_shape_cannot_borrow_a_raw_key_by_stock_and_side ... ok
test session::pipeline::npc_p2_source_tests::npc_p2_source_assigns_incrementing_local_indexes_to_one_accounts_multiple_intents ... ok
test session::pipeline::npc_p2_source_tests::npc_p2_source_hydrates_in_stable_account_order_and_returns_state_without_mutating_snapshot ... ok
test session::pipeline::npc_p2_source_tests::npc_p2_source_is_repeatable_for_the_same_sealed_snapshot ... ok
test session::pipeline::npc_p2_source_tests::npc_p2_source_matches_legacy_retail_rng_and_candidate_keys_across_thread_budgets ... ok
test session::pipeline::npc_p2_source_tests::npc_p2_source_rejects_one_unhydratable_state_without_an_output ... ok
test session::pipeline::npc_p2_source_tests::npc_p2_source_uses_the_legacy_per_account_rng_derivation ... ok
test session::pipeline::npc_p2_projection_tests::projection_exposes_working_decisions_before_residuals_without_canceling_the_book ... ok
test session::pipeline::npc_p2_projection_tests::projection_failure_is_typed_and_preserves_the_entire_shadow ... ok
test session::pipeline::initial_candidate_round_tests::multi_stock_post_worker_failure_keeps_authority_and_tick_shadow_unchanged ... ok
test session::pipeline::npc_p2_projection_tests::projection_late_failure_discards_strategy_and_diagnostic_changes_atomically ... ok
test session::pipeline::npc_p2_p7_transaction_tests::snapshot_from_same_clock_but_different_strategy_source_is_rejected_before_projection ... ok
test session::pipeline::npc_p2_projection_tests::projection_matches_nonempty_legacy_state_and_retains_raw_identity ... ok
test session::pipeline::p0_expiry_checkpoint_tests::p0_expiry_hydrates_complete_live_books_without_expiring_a_lifecycle ... ok
test session::pipeline::p0_expiry_tests::discarded_or_failed_p0_shadow_preserves_authoritative_retail_diagnostics ... ok
test session::pipeline::p0_expiry_tests::p0_expiry_diagnostic_precedes_each_legacy_tick_diagnostic_exactly_once ... ok
test session::pipeline::p0_expiry_tests::p0_expiry_is_a_real_phase_that_preserves_authority_before_commit ... ok
test session::pipeline::p0_expiry_tests::p0_expiry_leaves_auction_and_player_orders_unaffected ... ok
test session::pipeline::p0_expiry_tests::p0_expiry_pairs_sorted_receipts_with_their_multi_account_lifecycles ... ok
test session::pipeline::p0_expiry_tests::p0_expiry_rejects_a_second_application ... ok
test session::pipeline::p0_expiry_tests::p0_expiry_assigns_deterministic_global_receipt_indices ... ok
test session::pipeline::p0_expiry_tests::p0_expiry_post_shadow_failure_discards_order_receipt_and_event ... ok
test session::pipeline::p0_expiry_tests::p0_expiry_releases_buy_resources_and_defers_authority_until_p9 ... ok
test session::pipeline::p0_expiry_tests::p0_expiry_releases_sell_shares_with_zero_cash ... ok
test session::pipeline::p0_expiry_tests::p0_expiry_retail_cancellation_diagnostic_survives_p9_commit ... ok
test session::pipeline::p2_candidates_tests::p2_candidate_batch_canonically_orders_sources_and_local_keys ... ok
test session::pipeline::p2_candidates_tests::p2_candidate_batch_deserializes_only_canonical_candidate_order ... ok
test session::pipeline::p2_candidates_tests::p2_candidate_batch_rejects_duplicate_or_noncanonical_transfer_order ... ok
test session::pipeline::p2_candidates_tests::p2_candidate_batch_round_trips_serialized_transfer_equality ... ok
test session::pipeline::p2_candidates_tests::p2_candidate_batch_serializes_owner_payload_and_only_p2_identity ... ok
test session::pipeline::p2_candidates_tests::p2_candidate_key_preserves_source_local_tie_breakers ... ok
test session::pipeline::p2_composition_tests::keyed_npc_raw_candidate_rejects_a_non_npc_key_or_owner_mismatch ... ok
test session::pipeline::p1_allocation_tests::p1_decision_resource_equity_overflow_fails_closed_without_authority_mutation ... ok
test session::pipeline::p1_allocation_tests::p1_mixed_books_ignore_pending_plan_events_and_keep_seller_cash_unreserved ... ok
test session::pipeline::p2_composition_tests::p2_composition_rejects_duplicate_or_unordered_plan_chain_identity ... ok
test session::pipeline::p2_composition_tests::p2_composition_rejects_noncanonical_npc_account_source_order ... ok
test session::pipeline::p2_composition_tests::p2_source_composition_preserves_real_npc_keys_before_player_and_plan_chain ... ok
test session::pipeline::p2_composition_tests::p2_source_composition_wraps_a_noncanonical_plan_chain_index ... ok
test session::pipeline::p2_composition_tests::projected_p2_composition_preserves_npc_then_player_then_plan_chain_class_order ... ok
test session::pipeline::p3_context_tests::production_p3_context_count_overflow_is_explicit ... ok
test session::pipeline::p2_composition_tests::p2_composition_feeds_the_p3_handoff_without_candidate_reordering ... ok
test session::pipeline::p1_allocation_tests::p1_expired_buy_releases_exactly_one_zero_free_cash_reservation ... ok
test session::pipeline::p1_allocation_tests::p1_expired_sell_releases_exactly_one_fully_reserved_position ... ok
test session::pipeline::p3_context_tests::production_p3_context_counts_continuous_and_auction_orders_per_account ... ok
test session::pipeline::p2_composition_tests::p2_composition_preserves_owned_source_order_without_session_mutation ... ok
test session::pipeline::p1_allocation_tests::p1_subtracts_live_buy_and_sell_reservations_and_rejects_unknown_keys ... ok
test session::pipeline::p3_context_tests::production_p3_context_rejects_a_continuous_order_with_a_missing_owner ... ok
test session::pipeline::p1_allocation_tests::p1_seals_complete_decision_resources_from_post_p0_shadow ... ok
test session::pipeline::p3_context_tests::production_p3_context_rejects_a_stale_auction_count_cache ... ok
test session::pipeline::p3_context_tests::production_p3_context_rejects_an_auction_order_with_a_missing_owner ... ok
test session::pipeline::p3_driver_tests::p3_driver_fatal_is_atomic_and_the_same_sealed_slot_can_be_retried ... ok
test session::pipeline::p3_context_tests::production_p3_context_uses_configured_category_and_authoritative_stops ... ok
test session::pipeline::p3_driver_tests::p3_driver_feedback_accounts_for_multiple_terminal_makers ... ok
test session::pipeline::p3_driver_tests::p3_driver_final_output_matches_one_shot_batch_validation ... ok
test session::pipeline::p3_driver_tests::p3_driver_later_round_order_id_overflow_discards_the_whole_round ... ok
test session::pipeline::executor_perturbation_tests::executor_perturbation_gate_each_disabled_merge_fails_without_partial_commit ... ok
test session::pipeline::p3_driver_tests::p3_driver_later_round_sealed_overflow_preserves_the_prior_boundary ... ok
test session::pipeline::p3_driver_tests::p3_driver_market_feedback_rejects_any_positive_open_order_delta_atomically ... ok
test session::pipeline::p3_driver_tests::p3_driver_noncanonical_candidate_is_a_typed_atomic_fatal ... ok
test session::pipeline::p3_driver_tests::p3_driver_p4_feedback_does_not_replenish_sellable_share_budget ... ok
test session::pipeline::p3_driver_tests::p3_driver_p4_feedback_updates_only_open_order_constraints ... ok
test session::pipeline::p3_driver_tests::p3_driver_p4_rejection_releases_the_slot_but_retains_its_allocated_order_id ... ok
test session::pipeline::p3_driver_tests::p3_driver_rejections_do_not_consume_the_shared_sell_budget_or_order_id ... ok
test session::pipeline::p3_driver_tests::p3_driver_round_uses_two_pass_identity_allocation ... ok
test session::pipeline::p3_driver_tests::p3_driver_shares_per_account_and_global_limit_counters_across_yields ... ok
test session::pipeline::p3_driver_tests::p3_driver_successful_cancel_feedback_releases_only_the_order_slot ... ok
test session::pipeline::p3_p7_session_transaction_tests::multiple_worker_failures_choose_the_first_canonical_stock_error ... ok
test session::pipeline::p3_p4_normalizer_tests::duplicate_known_stock_identity_is_a_typed_contract_failure ... ok
test session::pipeline::p3_p4_normalizer_tests::malformed_result_identity_and_operation_order_each_fail_explicitly ... ok
test session::pipeline::p3_p4_normalizer_tests::unknown_stock_cancel_becomes_an_ordinary_rejection_without_touching_places_or_known_cancels ... ok
test session::pipeline::p3_p4_normalizer_tests::unknown_stock_place_is_a_typed_contract_failure_instead_of_being_silently_filtered ... ok
test session::pipeline::p3_driver_tests::p3_driver_shares_cash_budget_and_advances_rejected_sealed_slots_without_ids ... ok
test session::pipeline::p3_p7_session_transaction_tests::adapter_failure_before_workers_leaves_the_session_candidate_unchanged ... ok
test session::pipeline::p3_p4_normalizer_tests::inconsistent_results_and_operations_fail_atomically ... ok
test session::pipeline::p3_validation_tests::linked_parent_event_budget_only_consumes_after_other_p3_validation_passes ... ok
test session::pipeline::p3_validation_tests::p3_contract_passes_cancel_and_materializes_limit_and_market_envelopes ... ok
test session::pipeline::p3_validation_tests::p3_handoff_passes_cancel_without_allocating_an_order_id ... ok
test session::pipeline::p3_p7_session_transaction_tests::validated_player_buy_runs_parallel_stock_workers_through_p7_atomically ... ok
test session::pipeline::p3_validation_tests::p3_handoff_passes_unknown_stock_cancel_to_the_stock_state_machine ... ok
test session::pipeline::p3_p7_session_transaction_tests::stale_p3_order_cursor_is_rejected_before_workers_without_session_mutation ... ok
test session::pipeline::initial_candidate_round_tests::multi_stock_transaction_bytes_are_identical_across_thread_budgets ... ok
test session::pipeline::p3_p7_session_transaction_tests::transaction_failure_after_parallel_workers_leaves_the_session_candidate_unchanged ... ok
test session::pipeline::p3_validation_tests::p3_cash_budget_contends_across_stocks_in_canonical_order ... ok
test session::pipeline::p3_validation_tests::p3_handoff_preserves_canonical_order_and_uses_sealed_budget_without_mutation ... ok
test session::pipeline::p3_validation_tests::p3_handoff_rejects_order_id_overflow_without_exposing_drafts ... ok
test session::pipeline::p3_validation_tests::p3_limit_validation_rejects_an_incomplete_account_count_context ... ok
test session::pipeline::p3_validation_tests::p3_open_order_budget_ignores_same_batch_cancel_and_market_orders_do_not_consume_it ... ok
test session::pipeline::p3_validation_tests::p3_quantity_caps_accept_exact_limits_and_reject_the_next_board_lot ... ok
test session::pipeline::p3_validation_tests::p3_near_order_id_overflow_is_fatal_before_any_output_is_observable ... ok
test session::pipeline::p3_validation_tests::p3_rejects_unknown_quantity_cash_and_t1_share_failures_with_typed_reasons ... ok
test session::pipeline::p3_validation_tests::p3_reports_global_and_per_account_open_order_limits_independently ... ok
test session::pipeline::p3_validation_tests::p3_sealed_indices_keep_rejected_slots_while_order_ids_only_count_places ... ok
test session::pipeline::p4_continuous::incremental_continuous_stock_shadow::tests::rejected_replay_leaves_the_coordinator_at_its_previous_private_boundary ... ok
test session::pipeline::p3_validation_tests::p3_sell_candidates_compete_for_one_private_same_batch_share_budget ... ok
test session::pipeline::p4_continuous::incremental_continuous_stock_shadow::tests::buy_maker_conservation_survives_partial_fills_across_routes ... ok
test session::pipeline::p4_continuous::incremental_continuous_stock_shadow::tests::equal_stock_local_indices_are_isolated_by_full_candidate_and_stock_identity ... ok
test session::pipeline::p4_continuous::incremental_continuous_stock_shadow::tests::unknown_stock_cancel_is_a_detached_typed_rejection_not_a_fatal_error ... ok
test session::pipeline::p4_continuous::incremental_continuous_stock_shadow::tests::immediate_full_fill_has_a_typed_outcome_without_an_order_accepted_fact ... ok
test session::pipeline::p4_continuous::incremental_continuous_stock_shadow::tests::one_incoming_fill_closes_every_terminal_maker_slot_once ... ok
test session::pipeline::p4_continuous::incremental_continuous_stock_shadow::tests::one_stock_worker_failure_rolls_back_other_stock_work_and_round_identities ... ok
test session::pipeline::p4_continuous::incremental_continuous_stock_shadow::tests::post_p0_stock_shadow_survives_routes_and_same_tick_cancel_sees_the_created_order ... ok
test session::pipeline::p4_continuous::incremental_continuous_stock_shadow::tests::sell_maker_conservation_survives_partial_fills_across_routes ... ok
test session::pipeline::p4_continuous::incremental_continuous_stock_shadow::tests::stock_local_trade_identity_continues_across_adaptive_routes ... ok
test session::pipeline::p4_continuous::incremental_continuous_stock_shadow::tests::tick_start_maker_can_be_canceled_after_a_partial_fill_in_an_earlier_route ... ok
test session::pipeline::p4_continuous::incremental_continuous_stock_shadow::tests::consuming_finish_settles_all_route_receipts_and_detached_facts_exactly_once ... ok
test session::pipeline::p4_continuous_adapter_tests::continuous_adapter_preserves_prior_fill_fee_audit_from_the_authoritative_ledger ... ok
test session::pipeline::p4_continuous_adapter_tests::continuous_adapter_rejects_an_unknown_stock_operation_instead_of_dropping_it ... ok
test session::pipeline::p4_continuous_adapter_tests::continuous_adapter_rejects_missing_or_stale_ledger_evidence ... ok
test session::pipeline::p4_continuous_adapter_tests::continuous_adapter_rejects_residual_auction_orders_in_continuous_phase ... ok
test session::pipeline::p4_continuous_adapter_tests::continuous_adapter_rejects_non_continuous_phase ... ok
test session::pipeline::p4_continuous_tests::cancellation_after_an_earlier_fill_continues_the_receipt_audit_chain ... ok
test session::pipeline::p4_continuous_tests::cancellation_fails_closed_for_missing_duplicate_or_drifted_snapshots ... ok
test session::pipeline::p4_continuous_tests::cancellation_with_another_stock_code_is_an_explicit_unknown_stock_rejection ... ok
test session::pipeline::p4_continuous_adapter_tests::continuous_adapter_carries_only_tick_start_envelopes_matching_each_order_book ... ok
test session::pipeline::p4_continuous_adapter_tests::continuous_adapter_preserves_complete_place_and_cancel_operations_with_sealed_holes ... ok
test session::pipeline::p4_continuous_adapter_tests::continuous_adapter_rejects_a_cross_stock_market_map ... ok
test session::pipeline::p4_continuous_adapter_tests::continuous_adapter_rejects_same_tick_envelopes_in_the_live_ledger ... ok
test session::pipeline::p4_continuous_adapter_tests::continuous_adapter_rejects_underfunded_live_resources_with_matching_order_fields ... ok
test session::pipeline::p4_continuous_adapter_tests::continuous_adapter_partitions_all_markets_deterministically_with_real_phase_and_config ... ok
test session::pipeline::p4_continuous_tests::missing_order_cancel_is_a_typed_rejection_and_leaves_the_market_unchanged ... ok
test session::pipeline::p4_continuous_tests::account_facts_use_the_triggering_sealed_operation_as_identity ... ok
test session::pipeline::p4_continuous_tests::auction_market_reject_releases_the_draft_without_routing_to_the_book ... ok
test session::pipeline::p4_continuous_tests::same_tick_p3_envelope_cannot_be_canceled_or_released ... ok
test session::pipeline::p4_continuous_tests::seller_cancel_after_partial_fill_preserves_nonzero_nominal_and_charged_audit ... ok
test session::pipeline::p4_continuous_tests::continuous_limit_place_rests_with_its_preallocated_id_and_live_draft ... ok
test session::pipeline::p4_continuous_tests::tick_start_owner_cancel_releases_the_full_envelope_and_returns_a_terminal_fact ... ok
test session::pipeline::p4_continuous_tests::continuous_market_partial_fill_releases_remainder_with_the_next_ordinal ... ok
test session::pipeline::p4_continuous_tests::trade_fact_index_overflow_is_atomic ... ok
test session::pipeline::p4_continuous_tests::wrong_owner_cancel_is_a_typed_rejection_and_leaves_the_market_unchanged ... ok
test session::pipeline::p4_continuous_tests::continuous_market_without_liquidity_releases_the_draft_and_reports_zero_filled ... ok
test session::pipeline::p4_continuous_tests::continuous_match_emits_per_envelope_ordinals_and_unnumbered_valid_receipts ... ok
test session::pipeline::p4_continuous_tests::limit_reject_after_dynamic_cage_still_terminates_the_preallocated_draft ... ok
test session::pipeline::p4_continuous_tests::partial_seller_fill_keeps_live_shares_and_nonzero_fee_audit ... ok
test session::pipeline::p4_continuous_tests::price_cage_reject_consumes_the_preallocated_id_and_releases_the_draft ... ok
test session::pipeline::p4_continuous_tests::stock_worker_rejects_operations_out_of_sealed_order ... ok
test session::pipeline::p4_continuous_tests::trade_fact_identity_spans_multiple_sealed_operations_legs_and_makers ... ok
test session::pipeline::p4_p5_p6_transaction_tests::crossing_buy_chains_receipts_and_settles_self_cross_once_buy_before_sell ... ok
test session::pipeline::p5_receipts_tests::broken_cross_source_envelope_chain_rolls_back_all_prior_candidates ... ok
test session::pipeline::p5_receipts_tests::created_envelope_colliding_with_existing_ledger_rolls_back ... ok
test session::pipeline::p5_receipts_tests::created_envelope_is_inserted_before_its_receipt_and_terminal_removal ... ok
test session::pipeline::p5_receipts_tests::duplicate_created_envelope_rolls_back_prior_insertions ... ok
test session::pipeline::p5_receipts_tests::duplicate_local_keys_across_workers_roll_back_ledger_and_cursor ... ok
test session::pipeline::p5_receipts_tests::duplicate_terminal_key_rolls_back_the_first_removal ... ok
test session::pipeline::p5_receipts_tests::empty_transaction_preserves_receipt_cursor_and_ledger_bytes ... ok
test session::pipeline::p4_p5_p6_transaction_tests::non_crossing_place_keeps_a_live_order_and_escrow_without_settlement ... ok
test session::pipeline::p5_receipts_tests::illegal_source_kind_and_noncontiguous_local_ordinal_are_transactional ... ok
test session::pipeline::p5_receipts_tests::journal_source_mismatch_is_rejected_before_a_worker_receipt_can_exist ... ok
test session::pipeline::p5_receipts_tests::missing_terminal_after_valid_receipt_rolls_back_receipt_and_cursor ... ok
test session::pipeline::p5_receipts_tests::non_p3_envelope_is_rejected_from_created_batch_transactionally ... ok
test session::pipeline::p5_receipts_tests::nonzero_terminal_after_valid_receipt_rolls_back_receipt_and_cursor ... ok
test session::pipeline::p5_receipts_tests::omitted_terminal_key_after_full_transition_rolls_back_receipt_and_cursor ... ok
test session::pipeline::p5_receipts_tests::receipt_index_overflow_rolls_back_ledger_and_cursor ... ok
test session::pipeline::p4_continuous_tests::each_stock_worker_numbers_trade_facts_from_zero ... ok
test session::pipeline::p4_p5_p6_transaction_tests::p6_projection_failure_after_p5_receipts_keeps_every_input_authority_unchanged ... ok
test session::pipeline::p5_receipts_tests::unknown_receipt_after_created_insertion_rolls_back_everything ... ok
test session::pipeline::p5_receipts_tests::worker_indices_and_completion_order_are_rebuilt_canonically ... ok
test session::pipeline::p6_transaction_tests::duplicate_receipt_is_idempotent_for_accounts_experience_and_seen ... ok
test session::pipeline::p6_transaction_tests::missing_settlement_account_is_typed_and_leaves_every_container_unchanged ... ok
test session::pipeline::p6_transaction_tests::non_retail_fill_settles_without_projecting_even_if_an_experience_entry_exists ... ok
test session::pipeline::p6_transaction_tests::projection_failure_rolls_back_successful_settlement ... ok
test session::pipeline::p6_transaction_tests::retail_fill_without_experience_is_typed_and_rolls_back_every_container ... ok
test session::pipeline::p6_transaction_tests::same_account_buy_then_sell_preserves_the_buy_before_sell_lifecycle ... ok
test session::pipeline::p6_transaction_tests::same_order_multi_leg_receipts_settle_once_and_project_one_event ... ok
test session::pipeline::p4_p7_session_transaction_tests::p7_sequence_failure_leaves_the_whole_session_candidate_unchanged ... ok
test session::pipeline::p4_p7_session_transaction_tests::successful_candidate_installs_p4_through_p7_state_and_cursors_together ... ok
test session::pipeline::p4_p7_session_transaction_tests::split_receipt_cursor_is_rejected_before_any_candidate_work ... ok
test session::pipeline::p4_p7_session_transaction_tests::unknown_worker_stock_is_rejected_without_extending_session_markets ... ok
test session::pipeline::p6_transaction_tests::settlement_overflow_rolls_back_every_container ... ok
test session::pipeline::p7_continuous_transaction_tests::duplicate_p4_identity_is_rejected_without_an_event_or_seq_output ... ok
test session::pipeline::p7_continuous_transaction_tests::event_sequence_overflow_is_typed_before_any_output_is_returned ... ok
test session::pipeline::p7_continuous_transaction_tests::same_local_identity_on_two_stocks_collects_canonically_and_advances_seq ... ok
test session::pipeline::p7_events_tests::collector_rejects_a_key_whose_variant_mapping_does_not_match_its_event ... ok
test session::pipeline::p7_events_tests::collector_rejects_duplicate_phase_six_session_identity_without_advancing_cursor ... ok
test session::pipeline::p7_events_tests::collector_rejects_sequence_overflow_without_returning_partial_events ... ok
test session::pipeline::p7_events_tests::collector_sorts_explicit_worker_keys_then_assigns_external_sequence ... ok
test session::pipeline::p7_p4_producers_tests::continuous_adapter_accepts_equal_stock_local_trade_indices_for_distinct_stocks ... ok
test session::pipeline::p7_p4_producers_tests::continuous_adapter_preserves_explicit_max_trade_index_without_allocating_or_overflowing ... ok
test session::pipeline::p7_p4_producers_tests::continuous_adapter_projects_explicit_place_cancel_and_trade_identities ... ok
test session::pipeline::p7_p4_producers_tests::continuous_adapter_rejects_duplicate_explicit_event_identity_without_output ... ok
test session::pipeline::p7_producers_tests::day_end_pending_plan_limit_reuses_the_existing_tick_wide_fact_and_cursor ... ok
test session::pipeline::p7_producers_tests::p3_pending_plan_event_limits_collapse_to_one_phase_six_session_fact ... ok
test session::pipeline::p7_producers_tests::p3_rejection_adapter_rejects_a_candidate_key_and_sealed_identity_swap ... ok
test session::pipeline::p7_producers_tests::p3_rejection_adapter_rejects_duplicate_or_missing_candidate_contracts_without_output ... ok
test session::pipeline::p7_producers_tests::p3_rejection_adapter_uses_candidate_payload_and_explicit_sealed_identity ... ok
test session::pipeline::p7_producers_tests::unknown_stock_cancel_normalizer_emits_intent_rejected_with_the_sealed_key ... ok
test session::pipeline::p5_receipts_tests::failed_session_transaction_rolls_back_ledger_and_authoritative_cursor ... ok
test session::pipeline::p4_p5_p6_transaction_tests::duplicate_stock_worker_outputs_are_rejected_before_p5_or_p6 ... ok
test session::pipeline::p5_receipts_tests::session_transaction_advances_ledger_and_authoritative_cursor_together ... ok
test session::pipeline::p5_receipts_tests::session_transaction_rejects_split_cursor_without_mutation ... ok
test session::pipeline::p6_transaction_tests::session_p6_consumes_shadow_owned_seen_and_is_idempotent ... ok
test session::pipeline::p6_transaction_tests::session_p6_records_the_sessions_nonzero_market_minute ... ok
test session::pipeline::p6_transaction_tests::session_p6_failure_keeps_all_authoritative_containers_unchanged ... ok
test session::pipeline::p9_candidate_commit_tests::prepared_p9_rebases_live_ledger_then_commits_without_a_fallible_tail ... ok
test session::pipeline::p9_candidate_commit_tests::rebase_failure_discards_the_candidate_without_touching_authority ... ok
test session::pipeline::p9_candidate_commit_tests::reused_rollback_hashes_still_reject_p8_authority_drift ... ok
test session::pipeline::p9_candidate_commit_tests::session_only_p8_drift_is_rejected_without_touching_current_authority ... ok
test session::pipeline::p9_candidate_commit_tests::split_candidate_receipt_cursor_is_rejected_before_commit ... ok
test session::pipeline::plan_chain_p2_p7_transaction_tests::downstream_failure_preserves_authority_queue_cursors_ledger_seen_and_sequence ... ok
test session::pipeline::p6_transaction_tests::session_p6_uses_the_sessions_t1_policy ... ok
test session::pipeline::plan_chain_p2_p7_transaction_tests::npc_player_plan_chain_classes_keep_their_sealed_order_and_generation_identity ... ok
test session::pipeline::p9_candidate_commit_tests::stale_p8_authority_guard_rejects_commit_without_touching_current_authority ... ok
test session::pipeline::plan_chain_p2_p7_transaction_tests::p3_plan_rejection_survives_final_event_collection_and_resumes_the_fork_only ... ok
test session::pipeline::plan_chain_p2_p7_transaction_tests::real_plan_cancel_reaches_p7_and_only_advances_owned_prospective_state ... ok
test session::pipeline::player_p2_p7_transaction_tests::adapter_failure_after_private_player_capture_preserves_the_tick_shadow ... ok
test session::pipeline::player_p2_p7_transaction_tests::p3_rejections_and_unknown_stock_cancel_join_p4_facts_in_one_p7_sequence ... ok
test session::pipeline::pre_open_transaction_tests::final_pre_open_tick_enters_continuous_without_publishing_market_data ... ok
test session::pipeline::executor_perturbation_tests::executor_perturbation_dimensions_are_independent_and_scopes_do_not_leak ... ok
test session::pipeline::pre_open_transaction_tests::late_pre_open_failure_discards_candidate_tick_rng_strategy_queue_receipts_and_events ... ok
test session::pipeline::player_p2_p7_transaction_tests::downstream_failure_preserves_the_tick_shadow_player_queue_and_candidate_authority ... ok
test session::pipeline::pre_open_transaction_tests::nested_internal_fatal_is_not_downgraded_to_an_invariant_violation ... ok
test session::pipeline::player_p2_p7_transaction_tests::real_player_queue_runs_through_p7_inside_one_uncommitted_tick_shadow ... ok
test session::pipeline::receipt_key_tests::indexed_receipt_keys_reject_duplicate_envelope_index_pair ... ok
test session::pipeline::receipt_key_tests::indexed_receipt_keys_reject_envelope_identity_mutation ... ok
test session::pipeline::receipt_key_tests::indexed_receipt_keys_reject_non_contiguous_indices ... ok
test session::pipeline::receipt_key_tests::receipt_key_constructor_rejects_invalid_source_journal_pairing ... ok
test session::pipeline::receipt_key_tests::receipt_keys_accept_complete_explicit_canonical_source_order ... ok
test session::pipeline::receipt_key_tests::receipt_keys_allow_each_envelope_to_restart_within_one_source ... ok
test session::pipeline::receipt_key_tests::receipt_keys_allow_source_ordinal_restart_for_a_new_source ... ok
test session::pipeline::receipt_key_tests::receipt_keys_reject_duplicate_local_identity ... ok
test session::pipeline::receipt_key_tests::receipt_keys_reject_non_canonical_ordering_mutation ... ok
test session::pipeline::receipt_key_tests::receipt_keys_reject_non_contiguous_source_ordinal ... ok
test session::pipeline::retail_projection_persistence_tests::one_batch_cannot_reuse_a_receipt_index_for_two_local_keys ... ok
test session::pipeline::retail_projection_persistence_tests::restored_prefix_ignores_old_receipt_and_accepts_next_new_identity ... ok
test session::pipeline::retail_projection_persistence_tests::restored_seen_index_with_a_different_local_key_is_a_conflict ... ok
test session::pipeline::player_p2_p7_transaction_tests::real_player_candidate_reaches_rebased_single_point_p9_commit ... ok
test session::pipeline::retail_projection_tests::conflicting_payload_for_one_receipt_identity_is_rejected ... ok
test session::pipeline::retail_projection_tests::duplicate_receipt_identity_is_seen_once_and_never_repeats_experience ... ok
test session::pipeline::retail_projection_tests::final_position_disagreement_is_a_typed_error ... ok
test session::pipeline::retail_projection_tests::later_receipt_for_the_same_order_projects_the_later_partial_fill ... ok
test session::pipeline::retail_projection_tests::malformed_fill_returns_a_typed_error_without_a_partial_result ... ok
test session::pipeline::retail_projection_tests::missing_retail_experience_is_a_typed_error ... ok
test session::pipeline::retail_projection_tests::multiple_receipts_for_one_order_in_one_batch_produce_one_aggregated_experience_event ... ok
test session::pipeline::retail_projection_tests::non_fill_kinds_are_seen_and_explicitly_ignored ... ok
test session::pipeline::retail_projection_tests::unordered_receipts_project_in_buy_before_sell_order ... ok
test session::pipeline::settlement_tests::a_later_account_failure_rolls_back_an_earlier_account_success ... ok
test session::pipeline::settlement_tests::applies_same_account_stock_buy_before_sell_to_preserve_t1_lifecycle ... ok
test session::pipeline::settlement_tests::buyer_stamp_tax_is_a_typed_fatal_instead_of_a_silent_drop ... ok
test session::pipeline::settlement_tests::multiple_orders_and_legs_share_one_account_stock_side_settlement_group ... ok
test session::pipeline::settlement_tests::non_fill_receipts_do_not_settle_accounts ... ok
test session::pipeline::settlement_tests::same_group_buy_success_then_sell_failure_leaves_the_entire_input_unchanged ... ok
test session::pipeline::settlement_tests::seller_settlement_charges_only_the_capped_receipt_amount_when_nominal_fee_exceeds_gross ... ok
test session::pipeline::settlement_tests::seller_settlement_deducts_charged_not_nominal_and_recovers_full_gross ... ok
test session::pipeline::settlement_tests::settles_receipt_actual_fee_components_without_recomputing_them ... ok
test session::pipeline::player_p2_p7_transaction_tests::stale_p1_resources_are_rejected_before_player_queue_capture ... ok
test session::pipeline::pre_open_transaction_tests::empty_pre_open_tick_commits_silently_and_is_immediately_saveable ... ok
test session::pipeline::pre_open_transaction_tests::plan_chain_candidate_receives_typed_entry_closed_outcome_without_installing_a_child ... ok
test session::pipeline::stock_auction::b2_auction_day_end_tests::auction_market_order_is_rejected_after_p3_and_consumes_its_order_id ... ok
test session::pipeline::stock_auction::b2_auction_day_end_tests::closing_boundary_canonicalizes_sealed_auction_and_day_end_receipts ... ok
test session::pipeline::pre_open_transaction_tests::player_place_and_cancel_are_rejected_at_the_stock_boundary_with_one_reject_receipt ... ok
test session::pipeline::pre_open_transaction_tests::real_npc_and_player_candidates_share_the_pre_open_shadow_and_commit_strategy_state ... ok
test session::pipeline::pre_open_transaction_tests::unknown_stock_cancel_still_receives_the_pre_open_window_rejection ... ok
test session::pipeline::stock_auction::b2_auction_day_end_tests::closing_partial_fill_and_release_preserve_retail_order_lifecycle ... ok
test session::pipeline::stock_auction::b2_auction_day_end_tests::closing_partial_fill_is_applied_to_the_session_plan_before_checked_day_end ... ok
test session::pipeline::stock_auction::b2_auction_day_end_tests::closing_partial_fill_reaches_linked_plan_before_day_end_cleanup ... ok
test session::pipeline::pre_open_transaction_tests::opening_rollover_order_and_reservation_survive_a_silent_pre_open_tick_and_restore ... ok
test session::pipeline::stock_auction::b2_auction_day_end_tests::linked_plan_day_end_capacity_reports_resource_limit_and_finishes_the_day ... ok
test session::pipeline::stock_auction::b2_auction_day_end_tests::nonfinal_opening_tick_drains_limit_order_before_one_indicative_tail ... ok
test session::pipeline::stock_auction::b2_auction_day_end_tests::late_day_finalizer_failure_rolls_back_workers_p5_p6_and_market_boundary ... ok
test session::pipeline::stock_auction::b2_auction_day_end_tests::closing_continuous_books_skip_auction_and_share_collision_free_day_end_events ... ok
test session::pipeline::retail_projection_persistence_tests::save_decode_restore_preserves_seen_prefix_and_consumes_only_the_next_receipt ... ok
test session::pipeline::stock_auction::b2_auction_day_end_tests::opening_accept_and_cancel_preserve_retail_order_lifecycle_identity ... ok
test session::pipeline::stock_auction::b2_auction_day_end_tests::opening_accept_and_cancel_synchronize_the_linked_parent_before_commit ... ok
test session::pipeline::stock_auction::b2_auction_day_end_tests::opening_before_0920_cancels_existing_envelope_through_sealed_receipt ... ok
test session::pipeline::stock_auction::b2_auction_day_end_tests::opening_completion_applies_same_tick_accept_and_fill_to_linked_plan ... ok
test session::pipeline::stock_auction::b2_auction_day_end_tests::opening_completion_preserves_partial_remainder_identity_fifo_and_audit ... ok
test session::pipeline::stock_auction::b2_auction_day_end_tests::p5_cursor_failure_keeps_the_authoritative_session_byte_identical ... ok
test session::pipeline::stock_auction::b2_auction_day_end_tests::p6_failure_keeps_the_authoritative_session_byte_identical ... ok
test session::pipeline::stock_auction::b2_auction_day_end_tests::opening_0920_boundary_and_every_closing_tick_reject_cancellation ... ok
test session::pipeline::stock_auction::b2_auction_day_end_tests::p7_failure_keeps_the_authoritative_session_byte_identical ... ok
test session::pipeline::stock_auction::b2_auction_day_end_tests::retail_0920_cancel_rejection_is_projected_from_the_typed_worker_fact ... ok
test session::pipeline::stock_auction::b2_auction_day_end_tests::retail_rejections_and_successes_keep_exact_sealed_lifecycle_order ... ok
test session::pipeline::stock_auction::b2_auction_day_end_tests::worker_failure_keeps_the_authoritative_session_byte_identical ... ok
test session::pipeline::stock_auction_adapter_tests::adapter_reuses_the_checked_selector_only_after_future_operation_application ... ok
test session::pipeline::stock_auction_adapter_tests::closing_adapter_keeps_continuous_book_out_of_auction_state_but_validates_its_ledger ... ok
test session::pipeline::stock_auction_adapter_tests::adapter_rejects_audit_and_conservation_evidence_drift ... ok
test session::pipeline::stock_auction_tests::auction_ordinals_are_envelope_local_and_partial_remainder_follows_last_fill ... ok
test session::pipeline::stock_auction_tests::buyer_fee_audit_drift_is_a_typed_fatal_before_auction_receipts_escape ... ok
test session::pipeline::stock_auction_tests::clearing_quantity_overflow_is_a_typed_fatal_error ... ok
test session::pipeline::stock_auction_tests::closing_auction_cancel_is_never_allowed ... ok
test session::pipeline::stock_auction_tests::closing_day_end_source_domain_includes_continuous_and_auction_remainders ... ok
test session::pipeline::stock_auction_tests::closing_partial_remainder_rolls_over_then_terminates_in_a_fresh_day_end_source ... ok
test session::pipeline::stock_auction_tests::day_end_payload_is_reindexed_over_remainders_after_earlier_envelopes_fill ... ok
test session::pipeline::stock_auction_tests::fully_filled_auction_orders_end_on_the_fill_without_zero_quantity_receipts ... ok
test session::pipeline::stock_auction_tests::indicative_imbalance_quantity_overflow_is_a_typed_fatal_error ... ok
test session::pipeline::stock_auction_tests::opening_cancel_is_allowed_before_0920_and_rejected_at_the_boundary ... ok
test session::pipeline::stock_auction_tests::same_tick_p3_auction_envelope_cannot_be_canceled_or_released ... ok
test session::pipeline::stock_auction_tests::shanghai_rounds_a_positive_half_tick_up_to_the_price_tick ... ok
test session::pipeline::stock_auction_tests::shanghai_uses_the_midpoint_of_the_lowest_and_highest_remaining_candidates ... ok
test session::pipeline::stock_auction_tests::shenzhen_prefers_the_smallest_price_better_quantity_difference_before_previous_close ... ok
test session::pipeline::stock_auction_tests::shenzhen_uses_previous_close_after_price_better_quantity_difference ... ok
test session::pipeline::stock_auction_tests::shenzhen_uses_the_documented_lower_price_when_previous_close_distance_is_tied ... ok
test session::pipeline::stock_auction_tests::uncrossed_opening_order_rolls_into_continuous_with_identity_and_audit_intact ... ok
test session::pipeline::stock_auction_tests::uncrossed_orders_have_no_clearing_result_and_keep_their_checked_imbalance ... ok
test session::pipeline::stock_auction_adapter_tests::market_place_remains_a_p3_operation_and_never_enters_the_base_auction_queue ... ok
test session::pipeline::stock_auction_adapter_tests::adapter_rejects_missing_stale_and_underfunded_ledger_evidence ... ok
test session::pipeline::stock_auction_adapter_tests::adapter_rejects_non_auction_phases_and_opening_continuous_residue ... ok
test session::pipeline::stock_auction_adapter_tests::normalized_unknown_cancel_remains_an_ordinary_rejection_outside_stock_inputs ... ok
test session::pipeline::b2_auction_transaction_tests::b2_prepared_opening_and_closing_reject_linked_parent_before_p4_at_both_capacity_edges ... ok
test session::pipeline::stock_auction_adapter_tests::adapter_checks_p3_place_and_cancel_ids_at_the_js_safe_boundary ... ok
test session::pipeline::transaction_error::tests::nested_invariant_keeps_original_location_and_domain_errors_gain_transaction_location ... ok
test session::pipeline::stock_auction_adapter_tests::adapter_rejects_mismatched_normalized_handoff_and_cross_stock_market_identity ... ok
test session::pipeline::transition_tests::buy_fill_keeps_nominal_and_charged_audit_cumulative_across_legs ... ok
test session::pipeline::transition_tests::buy_fill_reuses_reservation_and_releases_price_improvement ... ok
test session::pipeline::transition_tests::fill_transitions_reject_invalid_reservation_and_fee_audit_chains ... ok
test session::pipeline::transition_tests::sell_fill_allocates_capped_charge_commission_then_stamp_then_transfer ... ok
test session::pipeline::transition_tests::sell_fill_rejects_charged_history_above_cumulative_gross ... ok
test session::pipeline::transition_tests::sell_fills_cap_actual_charges_and_recover_nominal_fee_arrears ... ok
test session::pipeline::tests::discarded_shadow_preserves_business_hash ... ok
test session::pipeline::tests::committed_shadow_advances_authority_once ... ok
test session::pipeline::stock_auction_adapter_tests::opening_adapter_builds_canonical_stock_inputs_and_preserves_sealed_holes ... ok
test session::pipeline::tests::planned_shadow_preserves_authority_until_commit ... ok
test session::pipeline::tests::shadow_capture_rehydrates_production_strategy_without_identity_drift ... ok
test session::pipeline::tests::post_shadow_fatal_preserves_authority_and_publishes_no_events ... ok
test session::pipeline::transaction_error::tests::nested_settlement_internal_preserves_both_hashes_for_b1_and_b2 ... ok
test session::pipeline::tests::step_phases_public_step_calls_commit_once ... ok
test session::plan_chain_candidates::adaptive::tests::adaptive_source_first_failed_conflict_cancel_stops_all_dependent_commands ... ok
test session::plan_chain_candidates::adaptive::tests::adaptive_source_generation_is_continuous_across_distinct_root_accounts ... ok
test session::plan_chain_candidates::adaptive::tests::adaptive_source_late_generation_overflow_is_typed_and_emits_no_candidate ... ok
test session::plan_chain_candidates::adaptive::tests::frozen_plan_observation_reuses_cash_market_and_reservation_after_private_cancel ... ok
test session::plan_chain_candidates::adaptive::tests::adaptive_source_refuses_a_second_yield_until_the_result_arrives ... ok
test session::pipeline::stock_auction_adapter_tests::adapter_rejects_noncanonical_arrival_order_and_nonserializable_sequences ... ok
test session::plan_chain_candidates::driver_tests::missing_cancel_target_completes_as_an_explicit_route_rejection ... ok
test session::plan_chain_candidates::driver_tests::ordinary_rejection_completes_without_yielding_a_follow_up_command ... ok
test session::plan_chain_candidates::driver_tests::mismatched_cancel_outcome_fails_without_mutating_session_or_plan_book ... ok
test session::plan_chain_candidates::driver_tests::exhausted_generation_index_fails_before_routing_or_mutating_state ... ok
test session::plan_chain_candidates::source_tests::source_rejects_a_conflicting_cancel_outcome_for_the_wrong_order ... ok
test session::plan_chain_candidates_tests::empty_plan_chain_operation_batch_leaves_identity_and_books_unchanged ... ok
test session::plan_chain_candidates::driver_tests::next_generation_index_overflow_discards_the_resumed_shadow ... ok
test session::plan_execution::continuation_tests::missing_and_contradictory_route_terminals_fail_closed ... ok
test session::plan_chain_candidates::driver_tests::yields_one_command_at_a_time_then_completes ... ok
test session::plan_chain_candidates::source_tests::source_preserves_multi_continuation_order_and_payload_without_session_mutation ... ok
test session::plan_chain_candidates_tests::exact_adoption_syncs_without_allocating_a_new_order_identity ... ok
test session::plan_chain_candidates_tests::failed_replace_cancel_never_submits_or_changes_existing_child ... ok
test session::plan_chain_candidates_tests::operation_batch_submission_preserves_parent_link_and_pending_acceptance_event ... ok
test session::plan_chain_candidates_tests::replacement_success_consumes_cancel_before_submit ... ok
test session::plan_execution::continuation_tests::conflicting_working_cancel_first_failure_stops_remaining_commands ... ok
test session::plan_execution::continuation_tests::conflicting_working_cancels_keep_order_then_submit_once ... ok
test session::player_candidates_tests::player_candidate_capture_preserves_same_account_payloads_without_normalization ... ok
test session::player_candidates_tests::player_candidate_capture_drains_interleaved_queue_once_in_global_fifo_order ... ok
test session::plan_chain_candidates_tests::completed_consumption_round_trips_plan_parent_and_order_state ... ok
test session::player_candidates_tests::player_candidate_capture_returns_empty_batch_without_touching_session_state ... ok
test session::player_candidates_tests::player_candidate_capture_transfers_queued_intents_without_routing_side_effects ... ok
test session::protocol::civil::session::rollback_tests::committed_evidence_frame_is_the_same_public_runtime_step ... ok
test session::protocol::civil::publication_tests::real_announcement_barrier_exposes_only_public_index_after_reconnect ... ok
test session::protocol::civil::session::rollback_tests::adjacent_civil_updates_continue_but_restore_starts_a_fresh_publication_stream ... ok
test session::protocol::civil::session::rollback_tests::malformed_civil_after_mutation_rolls_back_and_can_retry ... ok
test session::protocol::civil::session::rollback_tests::malformed_evidence_frame_rolls_back_game_history_and_facts_then_retries ... ok
test session::protocol::civil::session::rollback_tests::malformed_frame_after_mutation_rolls_back_game_history_and_fact_cursor ... ok
test session::pipeline::pre_open_transaction_tests::pre_open_prepared_rejects_linked_parent_before_p4_at_both_capacity_edges ... ok
test session::protocol::civil::session::rollback_tests::real_tick_frame_resource_limit_and_civil_update_share_the_phase_six_stream ... ok
test session::protocol::civil::export_bindings_civilupdatekind ... ok
test session::protocol::civil::export_bindings_pausepreferences ... ok
test session::export_bindings_sessionsetup ... ok
test session::protocol::facts::tests::attach_after_rejects_a_preceding_fact_with_tampered_payload ... ok
test session::reconciliation_plan_phase_tests::reconciliation_executor_cancelable_auction_preserves_event_seq_and_residual_routing ... ok
test session::reconciliation_plan_phase_tests::reconciliation_plan_multiple_orders_preserves_decision_and_residual_order ... ok
test session::pipeline::executor_perturbation_tests::executor_perturbation_public_path_preserves_authority_events_and_save_across_budgets ... ok
test session::reconciliation_plan_phase_tests::reconciliation_plan_preopen_and_closing_auction_preserve_residual_order ... ok
test session::reconciliation_plan_phase_tests::reconciliation_planner_preserves_all_authority_surfaces ... ok
test session::reconciliation_plan_tests::reconciliation_executor_cancels_replace_then_later_routes_one_residual_target ... ok
test session::reconciliation_plan_tests::reconciliation_plan_cancelable_auction_cancels_and_retains_changed_target ... ok
test session::reconciliation_plan_tests::reconciliation_plan_cancels_cross_side_without_consuming_opposite_target ... ok
test session::reconciliation_plan_tests::reconciliation_plan_keeps_exact_quote_and_consumes_only_that_target ... ok
test session::reconciliation_plan_tests::reconciliation_plan_links_replace_without_consuming_residual_target ... ok
test session::reconciliation_plan_tests::reconciliation_plan_locked_auction_suppresses_same_side_and_crossing_targets ... ok
test session::reconciliation_plan_tests::reconciliation_plan_locked_reviewed_auction_suppresses_only_reviewed_stock ... ok
test session::protocol::export_bindings_auctionpointkind ... ok
test strategy::sampling::order_size_sampling_tests::individual_order_size_uses_bounded_board_lots ... ok
test strategy::sampling::order_size_sampling_tests::largest_complete_sampling_range_is_accepted_and_the_next_value_is_rejected ... ok
test strategy::sampling::order_size_sampling_tests::sub_lot_configuration_is_not_silently_inflated ... ok
test verification_evidence::phase_timing::tests::auction_and_pre_open_dispatchers_each_emit_complete_committed_timing ... ok
test verification_evidence::phase_timing::tests::capture_rejects_nested_or_non_step_use_before_committed_evidence_can_exist ... ok
test verification_evidence::phase_timing::tests::evidence_serializes_all_measurements_as_decimal_strings ... ok
test verification_evidence::phase_timing::tests::failed_step_returns_no_committed_timing_evidence ... ok
test plans::state::export_bindings_tradingplan ... ok
test verification_evidence::phase_timing::tests::public_timed_step_captures_one_committed_p0_p9_record ... ok
test verification_evidence::phase_timing::tests::opt_in_timing_does_not_change_events_save_or_business_hash ... ok
test verification_evidence::tests::acceptance_flip_is_bound_to_current_sell_acceptance_and_frozen_legacy_reservation ... ok
test verification_evidence::tests::auction_rollover_control_uses_receipts_account_state_and_real_control_bytes ... ok
test verification_evidence::phase_timing::tests::runnable_thread_samples_follow_the_real_rayon_registry ... ok
test verification_evidence::tests::buyer_fee_surface_aggregates_all_buy_envelope_chains ... ok
test verification_evidence::tests::buyer_fee_surface_is_derived_from_fill_receipts_and_trade_facts ... ok
test verification_evidence::tests::conservation_rejects_receipt_gaps_negative_cash_and_t1_overflow ... ok
test verification_evidence::tests::conservation_rejects_source_ordinal_envelope_and_global_identity_tampering ... ok
test verification_evidence::tests::batch_update_stream_projection_rejects_empty_and_duplicate_identity_streams ... ok
test verification_evidence::tests::corpus_accepts_same_tick_cross_update_ordinals_that_continue_from_prior_update ... ok
test verification_evidence::tests::cross_tick_partial_fill_requires_trades_in_two_runtime_updates ... ok
test verification_evidence::tests::event_comparison_tags_keep_phase_four_five_and_six_distinct ... ok
test verification_evidence::tests::event_projection_rejects_gapped_local_indices_and_adr_key_tampering ... ok
test verification_evidence::tests::every_runtime_integer_projection_uses_canonical_decimal_strings ... ok
test verification_evidence::tests::existing_envelope_projects_the_post_preseal_p1_boundary ... ok
test verification_evidence::tests::full_update_stream_projection_shares_same_tick_phase_six_session_ordinals ... ok
test verification_evidence::tests::normal_multi_leg_terminal_is_proven_from_sell_receipts ... ok
test verification_evidence::tests::observation_projects_real_multi_stock_multi_leg_and_finalizer_coverage ... ok
test verification_evidence::tests::observation_rejects_restore_byte_and_continuation_mismatches ... ok
test verification_evidence::tests::observation_requires_real_save_and_two_restore_byte_chains ... ok
test verification_evidence::tests::phase_six_session_variants_share_one_ordinal_scope ... ok
test verification_evidence::tests::price_cage_and_continuous_buy_surfaces_bind_runtime_event_identities ... ok
test verification_evidence::tests::projects_event_identity_by_variant_entity_scope_not_seq_or_array_position ... ok
test verification_evidence::tests::projects_real_receipt_chain_and_account_aggregate ... ok
test verification_evidence::tests::quiet_committed_tick_preserves_zero_interval_and_empty_sum_conservation ... ok
test verification_evidence::tests::corpus_rejects_same_tick_cross_update_ordinal_reset_and_duplicate_comparison_key ... ok
test verification_evidence::tests::real_civil_update_projects_validated_phase_six_shared_ordinals ... ok
test session::protocol::export_bindings_continuouspoint ... ok
test verification_evidence::tests::save_restore_surface_rejects_authority_drift ... ok
test verification_evidence::tests::real_save_v2_live_sell_projects_restore_and_continuation_evidence ... ok
test session::export_bindings_event ... ok
test verification_evidence::tests::save_restore_surface_rejects_each_empty_artifact_input ... ok
test strategy::export_bindings_intent ... ok
test session::protocol::civil::boundary::export_bindings_civilboundary ... ok
test verification_evidence::tests::save_restore_surface_rejects_continuation_drift ... ok
test session::protocol::export_bindings_auctionpoint ... ok
test session::snapshot::export_bindings_snapshot ... ok
test verification_evidence::tests::stateful_update_stream_projection_resets_ordinal_domains_on_the_next_tick ... ok
test verification_evidence::tests::t1_surface_accounts_for_same_account_sell_quantity ... ok
test verification_evidence::tests::t1_surface_requires_the_actual_bought_quantity_to_become_locked ... ok
test verification_evidence::tests::three_leg_fee_catchup_requires_a_real_shortfall_prefix ... ok
test session::protocol::export_bindings_ticktimeseriespayload ... ok
test session::protocol::facts::export_bindings_eventfact ... ok
test session::protocol::export_bindings_tickframe ... ok
test verification_evidence::tests::save_restore_surface_rejects_legacy_schema_before_restore ... ok
test verification_evidence::tests::save_restore_surface_rejects_expected_identity_mismatch ... ok
test verification_evidence::tests::update_stream_failure_does_not_consume_sequence_or_identity_state ... ok
test session::protocol::civil::export_bindings_engineupdate ... ok
test session::protocol::civil::export_bindings_civilupdate ... ok
test session::protocol::export_bindings_tickbatch ... ok
test session::export_bindings_saveslot ... ok
test session::protocol::civil::export_bindings_civilrefresh ... ok
test verification_evidence::tests::save_restore_surface_rejects_equal_fabricated_continuation_results ... ok
test verification_evidence::tests::stateful_update_stream_projection_matches_batch_and_rejects_cross_update_reset ... ok
test verification_evidence::tests::save_restore_surface_rejects_restore_resave_byte_drift ... ok
test verification_evidence::tests::save_restore_surface_rejects_valid_v2_save_without_a_live_order ... ok
test verification_evidence::tests::save_restore_surface_rejects_malformed_or_unbound_continuation_commands ... ok

test result: ok. 785 passed; 0 failed; 0 ignored; 0 measured; 0 filtered out; finished in 46.70s

WALL_SECONDS=122.42 MAX_RSS_KB=3168340
