Date: 2026-09-13 CST
[22:44:14.604] weston 14.0.2
               https://wayland.freedesktop.org
               Bug reports to: https://gitlab.freedesktop.org/wayland/weston/issues/
               Build: 14.0.2
[22:44:14.604] Command line: weston --backend=headless --scale=1 --refresh-rate=0 --debug --no-config --renderer=pixman --socket=rbw-wayland-pixman-explicit --log=/home/baiyifan/data1/workplace/stock_market_game/.omo/evidence/resolve-blockers-wayland/task-3-wayland.run-20260913-144406/task-3-wayland.probe-pixman-explicit.weston.log --width=1280 --height=800
[22:44:14.604] OS: Linux, 7.0.0-31-generic, #31-Ubuntu SMP PREEMPT_DYNAMIC Sat Aug  1 04:26:38 UTC 2026, x86_64
[22:44:14.604] Flight recorder: enabled
[22:44:14.604] Starting with no config file.
[22:44:14.604] Output repaint window is 7 ms maximum.
[22:44:14.604] Loading module '/usr/lib/x86_64-linux-gnu/libweston-14/headless-backend.so'
[22:44:14.609] Using Pixman renderer
[22:44:14.609] Registered plugin API 'weston_windowed_output_api_headless_v2' of size 16
[22:44:14.609] Color manager: no-op
                 protocol support: no
[22:44:14.609] Output 'headless' attempts EOTF mode SDR and colorimetry mode default.
[22:44:14.609] Output 'headless' using color profile: stock sRGB color profile
[22:44:14.609] Output 'headless' enabled with head(s) headless
[22:44:14.609] Compositor capabilities:
               arbitrary surface rotation: yes
               screen capture uses y-flip: no
               cursor planes: no
               arbitrary resolutions: no
               view mask clipping: yes
               explicit sync: no
               color operations: no
               presentation clock: CLOCK_MONOTONIC_RAW, id 4
               presentation clock resolution: 0.000000001 s
[22:44:14.609] Loading module '/usr/lib/x86_64-linux-gnu/weston/desktop-shell.so'
[22:44:14.609] launching '/usr/libexec/weston-keyboard'
[22:44:14.610] launching '/usr/libexec/weston-desktop-shell'
[22:44:14.762] caught signal 15
